[dotenv@17.2.3] injecting env (1) from .env -- tip: ÔÜÖ´©Å  enable debug logging with { debug: true }
Testeando conexi├│n con gemini-flash-latest...
node : Error en la prueba: 
[GoogleGenerativeAI Error]: 
Error fetching from https://g
enerativelanguage.googleapis.
com/v1beta/models/gemini-1.5-
flash:generateContent: [404 
Not Found] 
models/gemini-1.5-flash is 
not found for API version 
v1beta, or is not supported 
for generateContent. Call 
ListModels to see the list 
of available models and 
their supported methods.
En línea: 1 Carácter: 1
+ node test_gemini.js > 
test_output.txt 2>&1; cat 
test_output.txt
+ ~~~~~~~~~~~~~~~~~~~~~~~~~~~
~~~~~~~~~~~~~~~
    + CategoryInfo           
   : NotSpecified: (Error e  
  n la pru...ported method   
 s.:String) [], RemoteExc    
eption
    + FullyQualifiedErrorId  
   : NativeCommandError
 
